#
# There is insufficient memory for the Java Runtime Environment to continue.
# Native memory allocation (mmap) failed to map 65536 bytes. Error detail: Failed to commit metaspace.
# Possible reasons:
#   The system is out of physical RAM or swap space
#   This process is running with CompressedOops enabled, and the Java Heap may be blocking the growth of the native heap
# Possible solutions:
#   Reduce memory load on the system
#   Increase physical memory or swap space
#   Check if swap backing store is full
#   Decrease Java heap size (-Xmx/-Xms)
#   Decrease number of Java threads
#   Decrease Java thread stack sizes (-Xss)
#   Set larger code cache with -XX:ReservedCodeCacheSize=
#   JVM is running with Unscaled Compressed Oops mode in which the Java heap is
#     placed in the first 4GB address space. The Java Heap base address is the
#     maximum limit for the native heap growth. Please use -XX:HeapBaseMinAddress
#     to set the Java Heap base and to place the Java Heap above 4GB virtual address.
# This output file may be truncated or incomplete.
#
#  Out of Memory Error (virtualSpaceNode.cpp:113), pid=21268, tid=18852
#
# JRE version: OpenJDK Runtime Environment Temurin-21.0.11+10 (21.0.11+10) (build 21.0.11+10-LTS)
# Java VM: OpenJDK 64-Bit Server VM Temurin-21.0.11+10 (21.0.11+10-LTS, mixed mode, sharing, tiered, compressed oops, compressed class ptrs, parallel gc, windows-amd64)
# No core dump will be written. Minidumps are not enabled by default on client versions of Windows
#

---------------  S U M M A R Y ------------

Command Line: --add-modules=ALL-SYSTEM --add-opens=java.base/java.util=ALL-UNNAMED --add-opens=java.base/java.lang=ALL-UNNAMED --add-opens=java.base/sun.nio.fs=ALL-UNNAMED -Declipse.application=org.eclipse.jdt.ls.core.id1 -Dosgi.bundles.defaultStartLevel=4 -Declipse.product=org.eclipse.jdt.ls.core.product -Djava.import.generatesMetadataFilesAtProjectRoot=false -DDetectVMInstallationsJob.disabled=true -Dfile.encoding=utf8 -XX:+UseParallelGC -XX:GCTimeRatio=4 -XX:AdaptiveSizePolicyWeight=90 -Dsun.zip.disableMemoryMapping=true -Xmx2G -Xms100m -Xlog:disable -javaagent:c:\Users\sopor\.vscode\extensions\redhat.java-1.55.0-win32-x64\lombok\lombok-1.18.39-4050.jar c:\Users\sopor\.vscode\extensions\redhat.java-1.55.0-win32-x64\server\plugins\org.eclipse.equinox.launcher_1.7.200.v20260619-2039.jar -configuration c:\Users\sopor\AppData\Roaming\Code\User\globalStorage\redhat.java\1.55.0\config_ss_win -data c:\Users\sopor\AppData\Roaming\Code\User\workspaceStorage\923fdd976e4ba7f7e4ff30a37008ec57\redhat.java\ss_ws --pipe=\\.\pipe\lsp-3ef874253cf48416c6653294a670493c-sock

Host: 11th Gen Intel(R) Core(TM) i5-1135G7 @ 2.40GHz, 8 cores, 15G,  Windows 11 , 64 bit Build 26100 (10.0.26100.8521)
Time: Wed Aug 19 09:59:09 2026 Hora est. Pacífico, Sudamérica elapsed time: 6.569772 seconds (0d 0h 0m 6s)

---------------  T H R E A D  ---------------

Current thread (0x00000259d46ad480):  JavaThread "C1 CompilerThread0" daemon [_thread_in_vm, id=18852, stack(0x0000006bc6900000,0x0000006bc6a00000) (1024K)]


Current CompileTask:
C1:6570 5090       3       jdk.internal.reflect.MethodHandleIntegerFieldAccessorImpl::get (9 bytes)

Stack: [0x0000006bc6900000,0x0000006bc6a00000]
Native frames: (J=compiled Java code, j=interpreted, Vv=VM code, C=native code)
V  [jvm.dll+0x6d7e19]
V  [jvm.dll+0x8b5096]
V  [jvm.dll+0x8b764e]
V  [jvm.dll+0x8b7d33]
V  [jvm.dll+0x284596]
V  [jvm.dll+0x8b0dde]
V  [jvm.dll+0x6795e4]
V  [jvm.dll+0x67964a]
V  [jvm.dll+0x67be46]
V  [jvm.dll+0x67bd12]
V  [jvm.dll+0x679fbe]
V  [jvm.dll+0x68b3ca]
V  [jvm.dll+0x684542]
V  [jvm.dll+0x1f6540]
V  [jvm.dll+0x1f6728]
V  [jvm.dll+0x156cde]
V  [jvm.dll+0x156fe4]
V  [jvm.dll+0x1563fc]
V  [jvm.dll+0x15818d]
V  [jvm.dll+0x25baad]
V  [jvm.dll+0x25a03a]
V  [jvm.dll+0x3f868e]
V  [jvm.dll+0x85fb0d]
V  [jvm.dll+0x6d664d]
C  [ucrtbase.dll+0x2cd30]
C  [KERNEL32.DLL+0x2e957]
C  [ntdll.dll+0x87c1c]


---------------  P R O C E S S  ---------------

Threads class SMR info:
_java_thread_list=0x00000259daf7a490, length=38, elements={
0x00000259fb25b1d0, 0x00000259feccd920, 0x00000259fecd1320, 0x00000259fecd4290,
0x00000259fecd6d00, 0x00000259fecdacd0, 0x00000259fecdb730, 0x00000259fece0990,
0x00000259d46ad480, 0x00000259d4852c00, 0x00000259d48d7fc0, 0x00000259d9020070,
0x00000259d9c5f060, 0x00000259d9a1efc0, 0x00000259d99f2110, 0x00000259d9a638a0,
0x00000259d9ae8f30, 0x00000259d9c3ac00, 0x00000259d9c4a620, 0x00000259d9b5a300,
0x00000259d9b5b6b0, 0x00000259d9b595e0, 0x00000259d9b5a990, 0x00000259d9b5b020,
0x00000259d9b59c70, 0x00000259d9b5bd40, 0x00000259d9b5c3d0, 0x00000259d9b58f50,
0x00000259dad27440, 0x00000259dad27ad0, 0x00000259dad28160, 0x00000259dad287f0,
0x00000259dad28e80, 0x00000259dad26db0, 0x00000259dad29510, 0x00000259dad29ba0,
0x00000259d940ba40, 0x00000259dad26720
}

Java Threads: ( => current thread )
  0x00000259fb25b1d0 JavaThread "main"                              [_thread_blocked, id=21148, stack(0x0000006bc5e00000,0x0000006bc5f00000) (1024K)]
  0x00000259feccd920 JavaThread "Reference Handler"          daemon [_thread_blocked, id=17976, stack(0x0000006bc6200000,0x0000006bc6300000) (1024K)]
  0x00000259fecd1320 JavaThread "Finalizer"                  daemon [_thread_blocked, id=3340, stack(0x0000006bc6300000,0x0000006bc6400000) (1024K)]
  0x00000259fecd4290 JavaThread "Signal Dispatcher"          daemon [_thread_blocked, id=21436, stack(0x0000006bc6400000,0x0000006bc6500000) (1024K)]
  0x00000259fecd6d00 JavaThread "Attach Listener"            daemon [_thread_blocked, id=14820, stack(0x0000006bc6500000,0x0000006bc6600000) (1024K)]
  0x00000259fecdacd0 JavaThread "Service Thread"             daemon [_thread_blocked, id=23340, stack(0x0000006bc6600000,0x0000006bc6700000) (1024K)]
  0x00000259fecdb730 JavaThread "Monitor Deflation Thread"   daemon [_thread_blocked, id=19400, stack(0x0000006bc6700000,0x0000006bc6800000) (1024K)]
  0x00000259fece0990 JavaThread "C2 CompilerThread0"         daemon [_thread_in_native, id=10632, stack(0x0000006bc6800000,0x0000006bc6900000) (1024K)]
=>0x00000259d46ad480 JavaThread "C1 CompilerThread0"         daemon [_thread_in_vm, id=18852, stack(0x0000006bc6900000,0x0000006bc6a00000) (1024K)]
  0x00000259d4852c00 JavaThread "Common-Cleaner"             daemon [_thread_blocked, id=9904, stack(0x0000006bc6a00000,0x0000006bc6b00000) (1024K)]
  0x00000259d48d7fc0 JavaThread "C2 CompilerThread1"         daemon [_thread_blocked, id=8764, stack(0x0000006bc6b00000,0x0000006bc6c00000) (1024K)]
  0x00000259d9020070 JavaThread "Notification Thread"        daemon [_thread_blocked, id=10252, stack(0x0000006bc6c00000,0x0000006bc6d00000) (1024K)]
  0x00000259d9c5f060 JavaThread "Active Thread: Equinox Container: 9d1d8a7f-1a5a-48eb-b7a0-eeeb81fadb14"        [_thread_blocked, id=16264, stack(0x0000006bc7400000,0x0000006bc7500000) (1024K)]
  0x00000259d9a1efc0 JavaThread "Framework Event Dispatcher: Equinox Container: 9d1d8a7f-1a5a-48eb-b7a0-eeeb81fadb14" daemon [_thread_blocked, id=2812, stack(0x0000006bc7500000,0x0000006bc7600000) (1024K)]
  0x00000259d99f2110 JavaThread "Start Level: Equinox Container: 9d1d8a7f-1a5a-48eb-b7a0-eeeb81fadb14" daemon [_thread_blocked, id=12048, stack(0x0000006bc7600000,0x0000006bc7700000) (1024K)]
  0x00000259d9a638a0 JavaThread "SCR Component Actor"        daemon [_thread_blocked, id=2304, stack(0x0000006bc7800000,0x0000006bc7900000) (1024K)]
  0x00000259d9ae8f30 JavaThread "Worker-JM"                         [_thread_blocked, id=11844, stack(0x0000006bc7900000,0x0000006bc7a00000) (1024K)]
  0x00000259d9c3ac00 JavaThread "JNA Cleaner"                daemon [_thread_blocked, id=7092, stack(0x0000006bc6d00000,0x0000006bc6e00000) (1024K)]
  0x00000259d9c4a620 JavaThread "Worker-0"                          [_thread_blocked, id=8788, stack(0x0000006bc7a00000,0x0000006bc7b00000) (1024K)]
  0x00000259d9b5a300 JavaThread "Worker-1"                          [_thread_blocked, id=7028, stack(0x0000006bc7b00000,0x0000006bc7c00000) (1024K)]
  0x00000259d9b5b6b0 JavaThread "Worker-2"                          [_thread_blocked, id=14388, stack(0x0000006bc7c00000,0x0000006bc7d00000) (1024K)]
  0x00000259d9b595e0 JavaThread "Thread-1"                   daemon [_thread_in_native, id=9672, stack(0x0000006bc8100000,0x0000006bc8200000) (1024K)]
  0x00000259d9b5a990 JavaThread "Thread-2"                   daemon [_thread_in_native, id=12408, stack(0x0000006bc8200000,0x0000006bc8300000) (1024K)]
  0x00000259d9b5b020 JavaThread "Thread-3"                   daemon [_thread_in_native, id=14064, stack(0x0000006bc8300000,0x0000006bc8400000) (1024K)]
  0x00000259d9b59c70 JavaThread "Thread-4"                   daemon [_thread_in_native, id=2760, stack(0x0000006bc8400000,0x0000006bc8500000) (1024K)]
  0x00000259d9b5bd40 JavaThread "Thread-5"                   daemon [_thread_in_native, id=11048, stack(0x0000006bc8500000,0x0000006bc8600000) (1024K)]
  0x00000259d9b5c3d0 JavaThread "Thread-6"                   daemon [_thread_in_native, id=7928, stack(0x0000006bc8600000,0x0000006bc8700000) (1024K)]
  0x00000259d9b58f50 JavaThread "Thread-7"                   daemon [_thread_in_native, id=23460, stack(0x0000006bc8700000,0x0000006bc8800000) (1024K)]
  0x00000259dad27440 JavaThread "Thread-8"                   daemon [_thread_in_native, id=16108, stack(0x0000006bc8800000,0x0000006bc8900000) (1024K)]
  0x00000259dad27ad0 JavaThread "Thread-9"                   daemon [_thread_in_vm, id=11540, stack(0x0000006bc8900000,0x0000006bc8a00000) (1024K)]
  0x00000259dad28160 JavaThread "pool-2-thread-1"                   [_thread_blocked, id=11080, stack(0x0000006bc8a00000,0x0000006bc8b00000) (1024K)]
  0x00000259dad287f0 JavaThread "WorkspaceEventsHandler"            [_thread_blocked, id=18936, stack(0x0000006bc8b00000,0x0000006bc8c00000) (1024K)]
  0x00000259dad28e80 JavaThread "pool-1-thread-1"                   [_thread_blocked, id=16260, stack(0x0000006bc8c00000,0x0000006bc8d00000) (1024K)]
  0x00000259dad26db0 JavaThread "ForkJoinPool.commonPool-worker-1" daemon [_thread_blocked, id=17060, stack(0x0000006bc8d00000,0x0000006bc8e00000) (1024K)]
  0x00000259dad29510 JavaThread "ForkJoinPool.commonPool-worker-2" daemon [_thread_blocked, id=6060, stack(0x0000006bc8e00000,0x0000006bc8f00000) (1024K)]
  0x00000259dad29ba0 JavaThread "ForkJoinPool.commonPool-worker-3" daemon [_thread_blocked, id=23544, stack(0x0000006bc8f00000,0x0000006bc9000000) (1024K)]
  0x00000259d940ba40 JavaThread "C2 CompilerThread2"         daemon [_thread_in_native, id=3580, stack(0x0000006bc7d00000,0x0000006bc7e00000) (1024K)]
  0x00000259dad26720 JavaThread "ForkJoinPool.commonPool-worker-4" daemon [_thread_blocked, id=17128, stack(0x0000006bc9000000,0x0000006bc9100000) (1024K)]
Total: 38

Other Threads:
  0x00000259fb31ea60 VMThread "VM Thread"                           [id=22996, stack(0x0000006bc6100000,0x0000006bc6200000) (1024K)]
  0x00000259fb2c61d0 WatcherThread "VM Periodic Task Thread"        [id=10296, stack(0x0000006bc6000000,0x0000006bc6100000) (1024K)]
  0x00000259fb2795f0 WorkerThread "GC Thread#0"                     [id=15644, stack(0x0000006bc5f00000,0x0000006bc6000000) (1024K)]
  0x00000259d93614f0 WorkerThread "GC Thread#1"                     [id=14144, stack(0x0000006bc6e00000,0x0000006bc6f00000) (1024K)]
  0x00000259d93618a0 WorkerThread "GC Thread#2"                     [id=1344, stack(0x0000006bc6f00000,0x0000006bc7000000) (1024K)]
  0x00000259d9361140 WorkerThread "GC Thread#3"                     [id=21144, stack(0x0000006bc7000000,0x0000006bc7100000) (1024K)]
  0x00000259d9361c50 WorkerThread "GC Thread#4"                     [id=6024, stack(0x0000006bc7100000,0x0000006bc7200000) (1024K)]
  0x00000259d9360630 WorkerThread "GC Thread#5"                     [id=7976, stack(0x0000006bc7200000,0x0000006bc7300000) (1024K)]
  0x00000259d9362000 WorkerThread "GC Thread#6"                     [id=16356, stack(0x0000006bc7300000,0x0000006bc7400000) (1024K)]
  0x00000259d9360d90 WorkerThread "GC Thread#7"                     [id=18960, stack(0x0000006bc7700000,0x0000006bc7800000) (1024K)]
Total: 10

Threads with active compile tasks:
C2 CompilerThread0  6603 5014   !   4       lombok.core.AST::buildWithField0 (121 bytes)
C1 CompilerThread0  6603 5090       3       jdk.internal.reflect.MethodHandleIntegerFieldAccessorImpl::get (9 bytes)
C2 CompilerThread2  6603 5015       4       lombok.core.AST::buildWithField (21 bytes)
Total: 3

VM state: not at safepoint (normal execution)

VM Mutex/Monitor currently owned by a thread:  ([mutex/lock_event])
[0x00007ffbb030d4f0] Metaspace_lock - owner thread: 0x00000259d46ad480

Heap address: 0x0000000080000000, size: 2048 MB, Compressed Oops mode: 32-bit

CDS archive(s) mapped at: [0x0000025993000000-0x0000025993ba0000-0x0000025993ba0000), size 12189696, SharedBaseAddress: 0x0000025993000000, ArchiveRelocationMode: 1.
Compressed class space mapped at: 0x0000025994000000-0x00000259d4000000, reserved size: 1073741824
Narrow klass base: 0x0000025993000000, Narrow klass shift: 0, Narrow klass range: 0x100000000

GC Precious Log:
 CardTable entry size: 512
 CPUs: 8 total, 8 available
 Memory: 16122M
 Large Page Support: Disabled
 NUMA Support: Disabled
 Compressed Oops: Enabled (32-bit)
 Alignments: Space 512K, Generation 512K, Heap 2M
 Heap Min Capacity: 100M
 Heap Initial Capacity: 100M
 Heap Max Capacity: 2G
 Pre-touch: Disabled
 Parallel Workers: 8

Heap:
 PSYoungGen      total 21504K, used 14325K [0x00000000d5580000, 0x00000000d6e00000, 0x0000000100000000)
  eden space 20992K, 65% used [0x00000000d5580000,0x00000000d62fd618,0x00000000d6a00000)
  from space 512K, 100% used [0x00000000d6b00000,0x00000000d6b80000,0x00000000d6b80000)
  to   space 2048K, 0% used [0x00000000d6c00000,0x00000000d6c00000,0x00000000d6e00000)
 ParOldGen       total 68608K, used 29845K [0x0000000080000000, 0x0000000084300000, 0x00000000d5580000)
  object space 68608K, 43% used [0x0000000080000000,0x0000000081d256e8,0x0000000084300000)
 Metaspace       used 38114K, committed 39104K, reserved 1114112K
  class space    used 3910K, committed 4352K, reserved 1048576K

Card table byte_map: [0x00000259fac20000,0x00000259fb030000] _byte_map_base: 0x00000259fa820000

Marking Bits: (ParMarkBitMap*) 0x00007ffbb0314460
 Begin Bits: [0x000002598f000000, 0x0000025991000000)
 End Bits:   [0x0000025991000000, 0x0000025993000000)

Polling page: 0x00000259f8f40000

Metaspace:

Usage:
  Non-class:     33.40 MB used.
      Class:      3.82 MB used.
       Both:     37.22 MB used.

Virtual space:
  Non-class space:       64.00 MB reserved,      33.94 MB ( 53%) committed,  1 nodes.
      Class space:        1.00 GB reserved,       4.25 MB ( <1%) committed,  1 nodes.
             Both:        1.06 GB reserved,      38.19 MB (  4%) committed. 

Chunk freelists:
   Non-Class:  13.86 MB
       Class:  11.72 MB
        Both:  25.58 MB

MaxMetaspaceSize: unlimited
CompressedClassSpaceSize: 1.00 GB
Initial GC threshold: 21.00 MB
Current GC threshold: 58.88 MB
CDS: on
 - commit_granule_bytes: 65536.
 - commit_granule_words: 8192.
 - virtual_space_node_default_size: 8388608.
 - enlarge_chunks_in_place: 1.
 - use_allocation_guard: 0.


Internal statistics:

num_allocs_failed_limit: 12.
num_arena_births: 868.
num_arena_deaths: 138.
num_vsnodes_births: 2.
num_vsnodes_deaths: 0.
num_space_committed: 611.
num_space_uncommitted: 0.
num_chunks_returned_to_freelist: 196.
num_chunks_taken_from_freelist: 2602.
num_chunk_merges: 75.
num_chunk_splits: 1578.
num_chunks_enlarged: 925.
num_inconsistent_stats: 0.

CodeHeap 'non-profiled nmethods': size=120000Kb used=2709Kb max_used=2709Kb free=117291Kb
 bounds [0x0000025987ad0000, 0x0000025987d80000, 0x000002598f000000]
CodeHeap 'profiled nmethods': size=120000Kb used=9731Kb max_used=9731Kb free=110268Kb
 bounds [0x0000025980000000, 0x0000025980990000, 0x0000025987530000]
CodeHeap 'non-nmethods': size=5760Kb used=1393Kb max_used=1452Kb free=4366Kb
 bounds [0x0000025987530000, 0x00000259877a0000, 0x0000025987ad0000]
CodeCache: size=245760Kb, used=13833Kb, max_used=13892Kb, free=231925Kb
 total_blobs=5381, nmethods=4697, adapters=590, full_count=0
Compilation: enabled, stopped_count=0, restarted_count=0

Compilation events (20 events):
Event: 6.557 Thread 0x00000259d46ad480 nmethod 5080 0x0000025980168a90 code [0x0000025980168c40, 0x0000025980168d70]
Event: 6.559 Thread 0x00000259d46ad480 5081       3       org.eclipse.jdt.internal.core.PackageFragmentRoot::equals (58 bytes)
Event: 6.560 Thread 0x00000259d46ad480 nmethod 5081 0x0000025980166e90 code [0x0000025980167160, 0x0000025980168690]
Event: 6.560 Thread 0x00000259d46ad480 5083       3       java.lang.StringBuilder::append (8 bytes)
Event: 6.561 Thread 0x00000259d46ad480 nmethod 5083 0x0000025980166a10 code [0x0000025980166bc0, 0x0000025980166d70]
Event: 6.561 Thread 0x00000259d46ad480 5082       1       org.eclipse.core.internal.localstore.FileStoreRoot::isValid (5 bytes)
Event: 6.561 Thread 0x00000259d46ad480 nmethod 5082 0x0000025987b30a90 code [0x0000025987b30c20, 0x0000025987b30cf0]
Event: 6.562 Thread 0x00000259d46ad480 5084   !   3       com.google.gson.internal.bind.ReflectiveTypeAdapterFactory$2::write (140 bytes)
Event: 6.564 Thread 0x00000259d46ad480 nmethod 5084 0x00000259801f2710 code [0x00000259801f2b00, 0x00000259801f4110]
Event: 6.564 Thread 0x00000259d46ad480 5085       3       com.google.gson.internal.bind.TypeAdapterRuntimeTypeWrapper::write (80 bytes)
Event: 6.565 Thread 0x00000259d46ad480 nmethod 5085 0x00000259801f1290 code [0x00000259801f1500, 0x00000259801f2350]
Event: 6.565 Thread 0x00000259d46ad480 5086       3       com.google.gson.internal.bind.TypeAdapterRuntimeTypeWrapper::getRuntimeTypeIfMoreSpecific (25 bytes)
Event: 6.565 Thread 0x00000259d46ad480 nmethod 5086 0x0000025980166410 code [0x00000259801665c0, 0x0000025980166978]
Event: 6.565 Thread 0x00000259d46ad480 5087       3       com.google.gson.stream.JsonWriter::beforeName (49 bytes)
Event: 6.566 Thread 0x00000259d46ad480 nmethod 5087 0x0000025980165990 code [0x0000025980165ba0, 0x0000025980166120]
Event: 6.566 Thread 0x00000259d46ad480 5088       3       java.lang.invoke.LambdaForm$MH/0x00000259941c8c00::invokeExact_MT (23 bytes)
Event: 6.566 Thread 0x00000259d46ad480 nmethod 5088 0x00000259801f0690 code [0x00000259801f08a0, 0x00000259801f1078]
Event: 6.566 Thread 0x00000259d46ad480 5089       3       java.lang.invoke.DirectMethodHandle$Holder::getInt (28 bytes)
Event: 6.567 Thread 0x00000259d46ad480 nmethod 5089 0x00000259801efd10 code [0x00000259801efee0, 0x00000259801f04e8]
Event: 6.567 Thread 0x00000259d46ad480 5090       3       jdk.internal.reflect.MethodHandleIntegerFieldAccessorImpl::get (9 bytes)

GC Heap History (20 events):
Event: 5.217 GC heap before
{Heap before GC invocations=14 (full 1):
 PSYoungGen      total 23552K, used 23522K [0x00000000d5580000, 0x00000000d7500000, 0x0000000100000000)
  eden space 20992K, 100% used [0x00000000d5580000,0x00000000d6a00000,0x00000000d6a00000)
  from space 2560K, 98% used [0x00000000d6f00000,0x00000000d7178870,0x00000000d7180000)
  to   space 5120K, 0% used [0x00000000d6a00000,0x00000000d6a00000,0x00000000d6f00000)
 ParOldGen       total 68608K, used 17927K [0x0000000080000000, 0x0000000084300000, 0x00000000d5580000)
  object space 68608K, 26% used [0x0000000080000000,0x0000000081181f30,0x0000000084300000)
 Metaspace       used 32667K, committed 33664K, reserved 1114112K
  class space    used 3339K, committed 3776K, reserved 1048576K
}
Event: 5.222 GC heap after
{Heap after GC invocations=14 (full 1):
 PSYoungGen      total 23552K, used 2336K [0x00000000d5580000, 0x00000000d7100000, 0x0000000100000000)
  eden space 20992K, 0% used [0x00000000d5580000,0x00000000d5580000,0x00000000d6a00000)
  from space 2560K, 91% used [0x00000000d6a00000,0x00000000d6c48010,0x00000000d6c80000)
  to   space 3584K, 0% used [0x00000000d6d80000,0x00000000d6d80000,0x00000000d7100000)
 ParOldGen       total 68608K, used 20355K [0x0000000080000000, 0x0000000084300000, 0x00000000d5580000)
  object space 68608K, 29% used [0x0000000080000000,0x00000000813e0c40,0x0000000084300000)
 Metaspace       used 32667K, committed 33664K, reserved 1114112K
  class space    used 3339K, committed 3776K, reserved 1048576K
}
Event: 5.271 GC heap before
{Heap before GC invocations=15 (full 1):
 PSYoungGen      total 23552K, used 23328K [0x00000000d5580000, 0x00000000d7100000, 0x0000000100000000)
  eden space 20992K, 100% used [0x00000000d5580000,0x00000000d6a00000,0x00000000d6a00000)
  from space 2560K, 91% used [0x00000000d6a00000,0x00000000d6c48010,0x00000000d6c80000)
  to   space 3584K, 0% used [0x00000000d6d80000,0x00000000d6d80000,0x00000000d7100000)
 ParOldGen       total 68608K, used 20355K [0x0000000080000000, 0x0000000084300000, 0x00000000d5580000)
  object space 68608K, 29% used [0x0000000080000000,0x00000000813e0c40,0x0000000084300000)
 Metaspace       used 32683K, committed 33664K, reserved 1114112K
  class space    used 3339K, committed 3776K, reserved 1048576K
}
Event: 5.278 GC heap after
{Heap after GC invocations=15 (full 1):
 PSYoungGen      total 23040K, used 1988K [0x00000000d5580000, 0x00000000d6f80000, 0x0000000100000000)
  eden space 20992K, 0% used [0x00000000d5580000,0x00000000d5580000,0x00000000d6a00000)
  from space 2048K, 97% used [0x00000000d6d80000,0x00000000d6f71000,0x00000000d6f80000)
  to   space 2560K, 0% used [0x00000000d6a80000,0x00000000d6a80000,0x00000000d6d00000)
 ParOldGen       total 68608K, used 22543K [0x0000000080000000, 0x0000000084300000, 0x00000000d5580000)
  object space 68608K, 32% used [0x0000000080000000,0x0000000081603fb0,0x0000000084300000)
 Metaspace       used 32683K, committed 33664K, reserved 1114112K
  class space    used 3339K, committed 3776K, reserved 1048576K
}
Event: 5.336 GC heap before
{Heap before GC invocations=16 (full 1):
 PSYoungGen      total 23040K, used 22980K [0x00000000d5580000, 0x00000000d6f80000, 0x0000000100000000)
  eden space 20992K, 100% used [0x00000000d5580000,0x00000000d6a00000,0x00000000d6a00000)
  from space 2048K, 97% used [0x00000000d6d80000,0x00000000d6f71000,0x00000000d6f80000)
  to   space 2560K, 0% used [0x00000000d6a80000,0x00000000d6a80000,0x00000000d6d00000)
 ParOldGen       total 68608K, used 22543K [0x0000000080000000, 0x0000000084300000, 0x00000000d5580000)
  object space 68608K, 32% used [0x0000000080000000,0x0000000081603fb0,0x0000000084300000)
 Metaspace       used 32722K, committed 33728K, reserved 1114112K
  class space    used 3339K, committed 3776K, reserved 1048576K
}
Event: 5.342 GC heap after
{Heap after GC invocations=16 (full 1):
 PSYoungGen      total 23552K, used 2240K [0x00000000d5580000, 0x00000000d6f00000, 0x0000000100000000)
  eden space 20992K, 0% used [0x00000000d5580000,0x00000000d5580000,0x00000000d6a00000)
  from space 2560K, 87% used [0x00000000d6a80000,0x00000000d6cb0010,0x00000000d6d00000)
  to   space 2048K, 0% used [0x00000000d6d00000,0x00000000d6d00000,0x00000000d6f00000)
 ParOldGen       total 68608K, used 24413K [0x0000000080000000, 0x0000000084300000, 0x00000000d5580000)
  object space 68608K, 35% used [0x0000000080000000,0x00000000817d75d8,0x0000000084300000)
 Metaspace       used 32722K, committed 33728K, reserved 1114112K
  class space    used 3339K, committed 3776K, reserved 1048576K
}
Event: 5.409 GC heap before
{Heap before GC invocations=17 (full 1):
 PSYoungGen      total 23552K, used 23232K [0x00000000d5580000, 0x00000000d6f00000, 0x0000000100000000)
  eden space 20992K, 100% used [0x00000000d5580000,0x00000000d6a00000,0x00000000d6a00000)
  from space 2560K, 87% used [0x00000000d6a80000,0x00000000d6cb0010,0x00000000d6d00000)
  to   space 2048K, 0% used [0x00000000d6d00000,0x00000000d6d00000,0x00000000d6f00000)
 ParOldGen       total 68608K, used 24413K [0x0000000080000000, 0x0000000084300000, 0x00000000d5580000)
  object space 68608K, 35% used [0x0000000080000000,0x00000000817d75d8,0x0000000084300000)
 Metaspace       used 32830K, committed 33856K, reserved 1114112K
  class space    used 3342K, committed 3776K, reserved 1048576K
}
Event: 5.416 GC heap after
{Heap after GC invocations=17 (full 1):
 PSYoungGen      total 23040K, used 1976K [0x00000000d5580000, 0x00000000d6f00000, 0x0000000100000000)
  eden space 20992K, 0% used [0x00000000d5580000,0x00000000d5580000,0x00000000d6a00000)
  from space 2048K, 96% used [0x00000000d6d00000,0x00000000d6eee200,0x00000000d6f00000)
  to   space 2560K, 0% used [0x00000000d6a00000,0x00000000d6a00000,0x00000000d6c80000)
 ParOldGen       total 68608K, used 26517K [0x0000000080000000, 0x0000000084300000, 0x00000000d5580000)
  object space 68608K, 38% used [0x0000000080000000,0x00000000819e55e8,0x0000000084300000)
 Metaspace       used 32830K, committed 33856K, reserved 1114112K
  class space    used 3342K, committed 3776K, reserved 1048576K
}
Event: 5.516 GC heap before
{Heap before GC invocations=18 (full 1):
 PSYoungGen      total 23040K, used 22968K [0x00000000d5580000, 0x00000000d6f00000, 0x0000000100000000)
  eden space 20992K, 100% used [0x00000000d5580000,0x00000000d6a00000,0x00000000d6a00000)
  from space 2048K, 96% used [0x00000000d6d00000,0x00000000d6eee200,0x00000000d6f00000)
  to   space 2560K, 0% used [0x00000000d6a00000,0x00000000d6a00000,0x00000000d6c80000)
 ParOldGen       total 68608K, used 26517K [0x0000000080000000, 0x0000000084300000, 0x00000000d5580000)
  object space 68608K, 38% used [0x0000000080000000,0x00000000819e55e8,0x0000000084300000)
 Metaspace       used 33142K, committed 34176K, reserved 1114112K
  class space    used 3389K, committed 3840K, reserved 1048576K
}
Event: 5.520 GC heap after
{Heap after GC invocations=18 (full 1):
 PSYoungGen      total 23040K, used 2016K [0x00000000d5580000, 0x00000000d6e00000, 0x0000000100000000)
  eden space 20992K, 0% used [0x00000000d5580000,0x00000000d5580000,0x00000000d6a00000)
  from space 2048K, 98% used [0x00000000d6a00000,0x00000000d6bf8320,0x00000000d6c00000)
  to   space 2048K, 0% used [0x00000000d6c00000,0x00000000d6c00000,0x00000000d6e00000)
 ParOldGen       total 68608K, used 28381K [0x0000000080000000, 0x0000000084300000, 0x00000000d5580000)
  object space 68608K, 41% used [0x0000000080000000,0x0000000081bb77e8,0x0000000084300000)
 Metaspace       used 33142K, committed 34176K, reserved 1114112K
  class space    used 3389K, committed 3840K, reserved 1048576K
}
Event: 5.709 GC heap before
{Heap before GC invocations=19 (full 1):
 PSYoungGen      total 23040K, used 13308K [0x00000000d5580000, 0x00000000d6e00000, 0x0000000100000000)
  eden space 20992K, 53% used [0x00000000d5580000,0x00000000d6086cf0,0x00000000d6a00000)
  from space 2048K, 98% used [0x00000000d6a00000,0x00000000d6bf8320,0x00000000d6c00000)
  to   space 2048K, 0% used [0x00000000d6c00000,0x00000000d6c00000,0x00000000d6e00000)
 ParOldGen       total 68608K, used 28381K [0x0000000080000000, 0x0000000084300000, 0x00000000d5580000)
  object space 68608K, 41% used [0x0000000080000000,0x0000000081bb77e8,0x0000000084300000)
 Metaspace       used 34848K, committed 35904K, reserved 1114112K
  class space    used 3584K, committed 4032K, reserved 1048576K
}
Event: 5.712 GC heap after
{Heap after GC invocations=19 (full 1):
 PSYoungGen      total 22016K, used 939K [0x00000000d5580000, 0x00000000d6d00000, 0x0000000100000000)
  eden space 20992K, 0% used [0x00000000d5580000,0x00000000d5580000,0x00000000d6a00000)
  from space 1024K, 91% used [0x00000000d6c00000,0x00000000d6ceae88,0x00000000d6d00000)
  to   space 1536K, 0% used [0x00000000d6a00000,0x00000000d6a00000,0x00000000d6b80000)
 ParOldGen       total 68608K, used 29953K [0x0000000080000000, 0x0000000084300000, 0x00000000d5580000)
  object space 68608K, 43% used [0x0000000080000000,0x0000000081d40608,0x0000000084300000)
 Metaspace       used 34848K, committed 35904K, reserved 1114112K
  class space    used 3584K, committed 4032K, reserved 1048576K
}
Event: 5.741 GC heap before
{Heap before GC invocations=20 (full 1):
 PSYoungGen      total 22016K, used 2134K [0x00000000d5580000, 0x00000000d6d00000, 0x0000000100000000)
  eden space 20992K, 5% used [0x00000000d5580000,0x00000000d56aad10,0x00000000d6a00000)
  from space 1024K, 91% used [0x00000000d6c00000,0x00000000d6ceae88,0x00000000d6d00000)
  to   space 1536K, 0% used [0x00000000d6a00000,0x00000000d6a00000,0x00000000d6b80000)
 ParOldGen       total 68608K, used 29953K [0x0000000080000000, 0x0000000084300000, 0x00000000d5580000)
  object space 68608K, 43% used [0x0000000080000000,0x0000000081d40608,0x0000000084300000)
 Metaspace       used 35167K, committed 36160K, reserved 1114112K
  class space    used 3598K, committed 4032K, reserved 1048576K
}
Event: 5.743 GC heap after
{Heap after GC invocations=20 (full 1):
 PSYoungGen      total 22528K, used 160K [0x00000000d5580000, 0x00000000d6c80000, 0x0000000100000000)
  eden space 20992K, 0% used [0x00000000d5580000,0x00000000d5580000,0x00000000d6a00000)
  from space 1536K, 10% used [0x00000000d6a00000,0x00000000d6a28000,0x00000000d6b80000)
  to   space 1024K, 0% used [0x00000000d6b80000,0x00000000d6b80000,0x00000000d6c80000)
 ParOldGen       total 68608K, used 30581K [0x0000000080000000, 0x0000000084300000, 0x00000000d5580000)
  object space 68608K, 44% used [0x0000000080000000,0x0000000081ddd6e8,0x0000000084300000)
 Metaspace       used 35167K, committed 36160K, reserved 1114112K
  class space    used 3598K, committed 4032K, reserved 1048576K
}
Event: 5.743 GC heap before
{Heap before GC invocations=21 (full 2):
 PSYoungGen      total 22528K, used 160K [0x00000000d5580000, 0x00000000d6c80000, 0x0000000100000000)
  eden space 20992K, 0% used [0x00000000d5580000,0x00000000d5580000,0x00000000d6a00000)
  from space 1536K, 10% used [0x00000000d6a00000,0x00000000d6a28000,0x00000000d6b80000)
  to   space 1024K, 0% used [0x00000000d6b80000,0x00000000d6b80000,0x00000000d6c80000)
 ParOldGen       total 68608K, used 30581K [0x0000000080000000, 0x0000000084300000, 0x00000000d5580000)
  object space 68608K, 44% used [0x0000000080000000,0x0000000081ddd6e8,0x0000000084300000)
 Metaspace       used 35167K, committed 36160K, reserved 1114112K
  class space    used 3598K, committed 4032K, reserved 1048576K
}
Event: 5.801 GC heap after
{Heap after GC invocations=21 (full 2):
 PSYoungGen      total 22528K, used 0K [0x00000000d5580000, 0x00000000d6c80000, 0x0000000100000000)
  eden space 20992K, 0% used [0x00000000d5580000,0x00000000d5580000,0x00000000d6a00000)
  from space 1536K, 0% used [0x00000000d6a00000,0x00000000d6a00000,0x00000000d6b80000)
  to   space 1024K, 0% used [0x00000000d6b80000,0x00000000d6b80000,0x00000000d6c80000)
 ParOldGen       total 68608K, used 28688K [0x0000000080000000, 0x0000000084300000, 0x00000000d5580000)
  object space 68608K, 41% used [0x0000000080000000,0x0000000081c04220,0x0000000084300000)
 Metaspace       used 35057K, committed 36160K, reserved 1114112K
  class space    used 3567K, committed 4032K, reserved 1048576K
}
Event: 6.079 GC heap before
{Heap before GC invocations=22 (full 2):
 PSYoungGen      total 22528K, used 20992K [0x00000000d5580000, 0x00000000d6c80000, 0x0000000100000000)
  eden space 20992K, 100% used [0x00000000d5580000,0x00000000d6a00000,0x00000000d6a00000)
  from space 1536K, 0% used [0x00000000d6a00000,0x00000000d6a00000,0x00000000d6b80000)
  to   space 1024K, 0% used [0x00000000d6b80000,0x00000000d6b80000,0x00000000d6c80000)
 ParOldGen       total 68608K, used 28688K [0x0000000080000000, 0x0000000084300000, 0x00000000d5580000)
  object space 68608K, 41% used [0x0000000080000000,0x0000000081c04220,0x0000000084300000)
 Metaspace       used 35946K, committed 36864K, reserved 1114112K
  class space    used 3698K, committed 4096K, reserved 1048576K
}
Event: 6.081 GC heap after
{Heap after GC invocations=22 (full 2):
 PSYoungGen      total 21504K, used 384K [0x00000000d5580000, 0x00000000d6c00000, 0x0000000100000000)
  eden space 20992K, 0% used [0x00000000d5580000,0x00000000d5580000,0x00000000d6a00000)
  from space 512K, 75% used [0x00000000d6b80000,0x00000000d6be0010,0x00000000d6c00000)
  to   space 512K, 0% used [0x00000000d6b00000,0x00000000d6b00000,0x00000000d6b80000)
 ParOldGen       total 68608K, used 28696K [0x0000000080000000, 0x0000000084300000, 0x00000000d5580000)
  object space 68608K, 41% used [0x0000000080000000,0x0000000081c06220,0x0000000084300000)
 Metaspace       used 35946K, committed 36864K, reserved 1114112K
  class space    used 3698K, committed 4096K, reserved 1048576K
}
Event: 6.434 GC heap before
{Heap before GC invocations=23 (full 2):
 PSYoungGen      total 21504K, used 21375K [0x00000000d5580000, 0x00000000d6c00000, 0x0000000100000000)
  eden space 20992K, 99% used [0x00000000d5580000,0x00000000d69ffd88,0x00000000d6a00000)
  from space 512K, 75% used [0x00000000d6b80000,0x00000000d6be0010,0x00000000d6c00000)
  to   space 512K, 0% used [0x00000000d6b00000,0x00000000d6b00000,0x00000000d6b80000)
 ParOldGen       total 68608K, used 28696K [0x0000000080000000, 0x0000000084300000, 0x00000000d5580000)
  object space 68608K, 41% used [0x0000000080000000,0x0000000081c06220,0x0000000084300000)
 Metaspace       used 37829K, committed 38848K, reserved 1114112K
  class space    used 3873K, committed 4352K, reserved 1048576K
}
Event: 6.437 GC heap after
{Heap after GC invocations=23 (full 2):
 PSYoungGen      total 21504K, used 512K [0x00000000d5580000, 0x00000000d6e00000, 0x0000000100000000)
  eden space 20992K, 0% used [0x00000000d5580000,0x00000000d5580000,0x00000000d6a00000)
  from space 512K, 100% used [0x00000000d6b00000,0x00000000d6b80000,0x00000000d6b80000)
  to   space 2048K, 0% used [0x00000000d6c00000,0x00000000d6c00000,0x00000000d6e00000)
 ParOldGen       total 68608K, used 29845K [0x0000000080000000, 0x0000000084300000, 0x00000000d5580000)
  object space 68608K, 43% used [0x0000000080000000,0x0000000081d256e8,0x0000000084300000)
 Metaspace       used 37829K, committed 38848K, reserved 1114112K
  class space    used 3873K, committed 4352K, reserved 1048576K
}

Dll operation events (10 events):
Event: 0.031 Loaded shared library c:\Users\sopor\.vscode\extensions\redhat.java-1.55.0-win32-x64\jre\21.0.11-win32-x86_64\bin\java.dll
Event: 0.151 Loaded shared library c:\Users\sopor\.vscode\extensions\redhat.java-1.55.0-win32-x64\jre\21.0.11-win32-x86_64\bin\zip.dll
Event: 0.186 Loaded shared library C:\Users\sopor\.vscode\extensions\redhat.java-1.55.0-win32-x64\jre\21.0.11-win32-x86_64\bin\instrument.dll
Event: 0.195 Loaded shared library C:\Users\sopor\.vscode\extensions\redhat.java-1.55.0-win32-x64\jre\21.0.11-win32-x86_64\bin\net.dll
Event: 0.199 Loaded shared library C:\Users\sopor\.vscode\extensions\redhat.java-1.55.0-win32-x64\jre\21.0.11-win32-x86_64\bin\nio.dll
Event: 0.206 Loaded shared library C:\Users\sopor\.vscode\extensions\redhat.java-1.55.0-win32-x64\jre\21.0.11-win32-x86_64\bin\zip.dll
Event: 0.234 Loaded shared library C:\Users\sopor\.vscode\extensions\redhat.java-1.55.0-win32-x64\jre\21.0.11-win32-x86_64\bin\jimage.dll
Event: 0.361 Loaded shared library c:\Users\sopor\.vscode\extensions\redhat.java-1.55.0-win32-x64\jre\21.0.11-win32-x86_64\bin\verify.dll
Event: 2.301 Loaded shared library C:\Users\sopor\AppData\Roaming\Code\User\globalStorage\redhat.java\1.55.0\config_ss_win\org.eclipse.equinox.launcher\org.eclipse.equinox.launcher.win32.win32.x86_64_1.3.100.v20260613-0559\eclipse_11924.dll
Event: 3.124 Loaded shared library C:\Users\sopor\AppData\Local\Temp\jna-109622903\jna1190158000639453103.dll

Deoptimization events (20 events):
Event: 6.515 Thread 0x00000259dad28e80 Uncommon trap: trap_request=0xffffffde fr.pc=0x0000025987c7515c relative=0x000000000000029c
Event: 6.515 Thread 0x00000259dad28e80 Uncommon trap: reason=class_check action=maybe_recompile pc=0x0000025987c7515c method=java.util.HashMap.removeNode(ILjava/lang/Object;Ljava/lang/Object;ZZ)Ljava/util/HashMap$Node; @ 283 c2
Event: 6.515 Thread 0x00000259dad28e80 DEOPT PACKING pc=0x0000025987c7515c sp=0x0000006bc8cfed20
Event: 6.515 Thread 0x00000259dad28e80 DEOPT UNPACKING pc=0x0000025987586da2 sp=0x0000006bc8cfecb8 mode 2
Event: 6.550 Thread 0x00000259dad29510 Uncommon trap: trap_request=0xffffffde fr.pc=0x0000025987d76e1c relative=0x00000000000012dc
Event: 6.550 Thread 0x00000259dad29510 Uncommon trap: reason=class_check action=maybe_recompile pc=0x0000025987d76e1c method=java.lang.reflect.Field.get(Ljava/lang/Object;)Ljava/lang/Object; @ 33 c2
Event: 6.550 Thread 0x00000259dad29510 DEOPT PACKING pc=0x0000025987d76e1c sp=0x0000006bc8efe2f0
Event: 6.550 Thread 0x00000259dad29510 DEOPT UNPACKING pc=0x0000025987586da2 sp=0x0000006bc8efe360 mode 2
Event: 6.550 Thread 0x00000259dad29510 Uncommon trap: trap_request=0xffffffde fr.pc=0x0000025987d76e1c relative=0x00000000000012dc
Event: 6.550 Thread 0x00000259dad29510 Uncommon trap: reason=class_check action=maybe_recompile pc=0x0000025987d76e1c method=java.lang.reflect.Field.get(Ljava/lang/Object;)Ljava/lang/Object; @ 33 c2
Event: 6.550 Thread 0x00000259dad29510 DEOPT PACKING pc=0x0000025987d76e1c sp=0x0000006bc8efe2f0
Event: 6.550 Thread 0x00000259dad29510 DEOPT UNPACKING pc=0x0000025987586da2 sp=0x0000006bc8efe360 mode 2
Event: 6.550 Thread 0x00000259dad29510 Uncommon trap: trap_request=0xffffffde fr.pc=0x0000025987d76e1c relative=0x00000000000012dc
Event: 6.550 Thread 0x00000259dad29510 Uncommon trap: reason=class_check action=maybe_recompile pc=0x0000025987d76e1c method=java.lang.reflect.Field.get(Ljava/lang/Object;)Ljava/lang/Object; @ 33 c2
Event: 6.550 Thread 0x00000259dad29510 DEOPT PACKING pc=0x0000025987d76e1c sp=0x0000006bc8efe2f0
Event: 6.550 Thread 0x00000259dad29510 DEOPT UNPACKING pc=0x0000025987586da2 sp=0x0000006bc8efe360 mode 2
Event: 6.550 Thread 0x00000259dad29510 Uncommon trap: trap_request=0xffffffde fr.pc=0x0000025987d76e1c relative=0x00000000000012dc
Event: 6.550 Thread 0x00000259dad29510 Uncommon trap: reason=class_check action=maybe_recompile pc=0x0000025987d76e1c method=java.lang.reflect.Field.get(Ljava/lang/Object;)Ljava/lang/Object; @ 33 c2
Event: 6.550 Thread 0x00000259dad29510 DEOPT PACKING pc=0x0000025987d76e1c sp=0x0000006bc8efe2f0
Event: 6.550 Thread 0x00000259dad29510 DEOPT UNPACKING pc=0x0000025987586da2 sp=0x0000006bc8efe360 mode 2

Classes loaded (20 events):
Event: 6.143 Loading class java/util/regex/Pattern$Caret
Event: 6.143 Loading class java/util/regex/Pattern$Caret done
Event: 6.214 Loading class java/util/stream/ReferencePipeline$4
Event: 6.214 Loading class java/util/stream/ReferencePipeline$4 done
Event: 6.215 Loading class java/util/stream/Nodes$IntFixedNodeBuilder
Event: 6.215 Loading class java/util/stream/Node$Builder$OfInt
Event: 6.215 Loading class java/util/stream/Node$Builder$OfInt done
Event: 6.215 Loading class java/util/stream/Nodes$IntArrayNode
Event: 6.215 Loading class java/util/stream/Nodes$IntArrayNode done
Event: 6.215 Loading class java/util/stream/Nodes$IntFixedNodeBuilder done
Event: 6.215 Loading class java/util/stream/ReferencePipeline$4$1
Event: 6.216 Loading class java/util/stream/ReferencePipeline$4$1 done
Event: 6.338 Loading class java/util/Hashtable$ValueCollection
Event: 6.338 Loading class java/util/Hashtable$ValueCollection done
Event: 6.477 Loading class java/util/regex/PatternSyntaxException
Event: 6.477 Loading class java/util/regex/PatternSyntaxException done
Event: 6.486 Loading class java/util/WeakHashMap$KeyIterator
Event: 6.486 Loading class java/util/WeakHashMap$KeyIterator done
Event: 6.502 Loading class java/util/concurrent/CompletionException
Event: 6.502 Loading class java/util/concurrent/CompletionException done

Classes unloaded (20 events):
Event: 5.757 Thread 0x00000259fb31ea60 Unloading class 0x000002599439a800 'java/lang/invoke/LambdaForm$MH+0x000002599439a800'
Event: 5.757 Thread 0x00000259fb31ea60 Unloading class 0x000002599439a400 'java/lang/invoke/LambdaForm$MH+0x000002599439a400'
Event: 5.757 Thread 0x00000259fb31ea60 Unloading class 0x0000025994399c00 'java/lang/invoke/LambdaForm$MH+0x0000025994399c00'
Event: 5.757 Thread 0x00000259fb31ea60 Unloading class 0x0000025994399800 'java/lang/invoke/LambdaForm$MH+0x0000025994399800'
Event: 5.757 Thread 0x00000259fb31ea60 Unloading class 0x0000025994399400 'java/lang/invoke/LambdaForm$MH+0x0000025994399400'
Event: 5.757 Thread 0x00000259fb31ea60 Unloading class 0x0000025994398800 'java/lang/invoke/LambdaForm$MH+0x0000025994398800'
Event: 5.757 Thread 0x00000259fb31ea60 Unloading class 0x0000025994398c00 'java/lang/invoke/LambdaForm$MH+0x0000025994398c00'
Event: 5.757 Thread 0x00000259fb31ea60 Unloading class 0x0000025994398400 'java/lang/invoke/LambdaForm$MH+0x0000025994398400'
Event: 5.757 Thread 0x00000259fb31ea60 Unloading class 0x0000025994398000 'java/lang/invoke/LambdaForm$MH+0x0000025994398000'
Event: 5.757 Thread 0x00000259fb31ea60 Unloading class 0x0000025994397400 'java/lang/invoke/LambdaForm$MH+0x0000025994397400'
Event: 5.757 Thread 0x00000259fb31ea60 Unloading class 0x0000025994397000 'java/lang/invoke/LambdaForm$MH+0x0000025994397000'
Event: 5.757 Thread 0x00000259fb31ea60 Unloading class 0x0000025994396400 'java/lang/invoke/LambdaForm$MH+0x0000025994396400'
Event: 5.757 Thread 0x00000259fb31ea60 Unloading class 0x0000025994396800 'java/lang/invoke/LambdaForm$MH+0x0000025994396800'
Event: 5.757 Thread 0x00000259fb31ea60 Unloading class 0x0000025994396000 'java/lang/invoke/LambdaForm$MH+0x0000025994396000'
Event: 5.757 Thread 0x00000259fb31ea60 Unloading class 0x0000025994395c00 'java/lang/invoke/LambdaForm$MH+0x0000025994395c00'
Event: 5.757 Thread 0x00000259fb31ea60 Unloading class 0x0000025994395800 'java/lang/invoke/LambdaForm$MH+0x0000025994395800'
Event: 5.757 Thread 0x00000259fb31ea60 Unloading class 0x0000025994395000 'java/lang/invoke/LambdaForm$MH+0x0000025994395000'
Event: 5.757 Thread 0x00000259fb31ea60 Unloading class 0x0000025994394c00 'java/lang/invoke/LambdaForm$DMH+0x0000025994394c00'
Event: 5.757 Thread 0x00000259fb31ea60 Unloading class 0x0000025994394800 'java/lang/invoke/LambdaForm$DMH+0x0000025994394800'
Event: 5.757 Thread 0x00000259fb31ea60 Unloading class 0x0000025994394400 'java/lang/invoke/LambdaForm$DMH+0x0000025994394400'

Classes redefined (0 events):
No events

Internal exceptions (20 events):
Event: 6.465 Thread 0x00000259dad29ba0 Exception <a 'java/lang/NullPointerException'{0x00000000d5650028}> (0x00000000d5650028) 
thrown [s\src\hotspot\share\interpreter\linkResolver.cpp, line 1372]
Event: 6.465 Thread 0x00000259dad29ba0 Exception <a 'java/lang/NullPointerException'{0x00000000d5650808}> (0x00000000d5650808) 
thrown [s\src\hotspot\share\interpreter\linkResolver.cpp, line 1372]
Event: 6.465 Thread 0x00000259dad29ba0 Exception <a 'java/lang/NullPointerException'{0x00000000d5650fe0}> (0x00000000d5650fe0) 
thrown [s\src\hotspot\share\interpreter\linkResolver.cpp, line 1372]
Event: 6.465 Thread 0x00000259dad29ba0 Exception <a 'java/lang/NullPointerException'{0x00000000d56517b8}> (0x00000000d56517b8) 
thrown [s\src\hotspot\share\interpreter\linkResolver.cpp, line 1372]
Event: 6.465 Thread 0x00000259dad28e80 Exception <a 'java/lang/NullPointerException'{0x00000000d57342f0}> (0x00000000d57342f0) 
thrown [s\src\hotspot\share\interpreter\linkResolver.cpp, line 1372]
Event: 6.465 Thread 0x00000259dad29ba0 Exception <a 'java/lang/NullPointerException'{0x00000000d5651f90}> (0x00000000d5651f90) 
thrown [s\src\hotspot\share\interpreter\linkResolver.cpp, line 1372]
Event: 6.465 Thread 0x00000259dad28e80 Exception <a 'java/lang/NullPointerException'{0x00000000d5734de0}> (0x00000000d5734de0) 
thrown [s\src\hotspot\share\interpreter\linkResolver.cpp, line 1372]
Event: 6.465 Thread 0x00000259dad28e80 Exception <a 'java/lang/NullPointerException'{0x00000000d5735608}> (0x00000000d5735608) 
thrown [s\src\hotspot\share\interpreter\linkResolver.cpp, line 1372]
Event: 6.466 Thread 0x00000259dad28e80 Exception <a 'java/lang/NullPointerException'{0x00000000d5736c18}> (0x00000000d5736c18) 
thrown [s\src\hotspot\share\interpreter\linkResolver.cpp, line 1372]
Event: 6.466 Thread 0x00000259dad28e80 Exception <a 'java/lang/NullPointerException'{0x00000000d5737ba8}> (0x00000000d5737ba8) 
thrown [s\src\hotspot\share\interpreter\linkResolver.cpp, line 1372]
Event: 6.466 Thread 0x00000259dad28e80 Exception <a 'java/lang/NullPointerException'{0x00000000d57385d0}> (0x00000000d57385d0) 
thrown [s\src\hotspot\share\interpreter\linkResolver.cpp, line 1372]
Event: 6.466 Thread 0x00000259dad29ba0 Exception <a 'java/lang/NullPointerException'{0x00000000d56558e8}> (0x00000000d56558e8) 
thrown [s\src\hotspot\share\interpreter\linkResolver.cpp, line 1372]
Event: 6.467 Thread 0x00000259dad29ba0 Exception <a 'java/lang/NullPointerException'{0x00000000d56587a0}> (0x00000000d56587a0) 
thrown [s\src\hotspot\share\interpreter\linkResolver.cpp, line 1372]
Event: 6.467 Thread 0x00000259dad29ba0 Exception <a 'java/lang/NullPointerException'{0x00000000d5659290}> (0x00000000d5659290) 
thrown [s\src\hotspot\share\interpreter\linkResolver.cpp, line 1372]
Event: 6.467 Thread 0x00000259dad29ba0 Exception <a 'java/lang/NullPointerException'{0x00000000d5659ab8}> (0x00000000d5659ab8) 
thrown [s\src\hotspot\share\interpreter\linkResolver.cpp, line 1372]
Event: 6.468 Thread 0x00000259dad29ba0 Exception <a 'java/lang/NullPointerException'{0x00000000d565b0c8}> (0x00000000d565b0c8) 
thrown [s\src\hotspot\share\interpreter\linkResolver.cpp, line 1372]
Event: 6.468 Thread 0x00000259dad29ba0 Exception <a 'java/lang/NullPointerException'{0x00000000d565c058}> (0x00000000d565c058) 
thrown [s\src\hotspot\share\interpreter\linkResolver.cpp, line 1372]
Event: 6.468 Thread 0x00000259dad29ba0 Exception <a 'java/lang/NullPointerException'{0x00000000d565ca80}> (0x00000000d565ca80) 
thrown [s\src\hotspot\share\interpreter\linkResolver.cpp, line 1372]
Event: 6.517 Thread 0x00000259dad28e80 Exception <a 'java/lang/IncompatibleClassChangeError'{0x00000000d5be91d8}: Found class java.lang.Object, but interface was expected> (0x00000000d5be91d8) 
thrown [s\src\hotspot\share\interpreter\linkResolver.cpp, line 840]
Event: 6.520 Thread 0x00000259dad28e80 Exception <a 'java/lang/IncompatibleClassChangeError'{0x00000000d5c61270}: Found class java.lang.Object, but interface was expected> (0x00000000d5c61270) 
thrown [s\src\hotspot\share\interpreter\linkResolver.cpp, line 840]

ZGC Phase Switch (0 events):
No events

VM Operations (20 events):
Event: 5.409 Executing safepoint VM operation: ParallelGCFailedAllocation (Allocation Failure)
Event: 5.416 Executing safepoint VM operation: ParallelGCFailedAllocation (Allocation Failure) done
Event: 5.516 Executing safepoint VM operation: ParallelGCFailedAllocation (Allocation Failure)
Event: 5.520 Executing safepoint VM operation: ParallelGCFailedAllocation (Allocation Failure) done
Event: 5.669 Executing non-safepoint VM operation: HandshakeAllThreads (Deoptimize)
Event: 5.670 Executing non-safepoint VM operation: HandshakeAllThreads (Deoptimize) done
Event: 5.709 Executing safepoint VM operation: CollectForMetadataAllocation (Metadata GC Threshold)
Event: 5.709 Executing safepoint VM operation: CollectForMetadataAllocation (Metadata GC Threshold) done
Event: 5.709 Executing safepoint VM operation: CollectForMetadataAllocation (Metadata GC Threshold)
Event: 5.709 Executing safepoint VM operation: CollectForMetadataAllocation (Metadata GC Threshold) done
Event: 5.709 Executing safepoint VM operation: ParallelGCSystemGC (GCLocker Initiated GC)
Event: 5.712 Executing safepoint VM operation: ParallelGCSystemGC (GCLocker Initiated GC) done
Event: 5.741 Executing safepoint VM operation: CollectForMetadataAllocation (Metadata GC Threshold)
Event: 5.801 Executing safepoint VM operation: CollectForMetadataAllocation (Metadata GC Threshold) done
Event: 6.079 Executing safepoint VM operation: ParallelGCFailedAllocation (Allocation Failure)
Event: 6.081 Executing safepoint VM operation: ParallelGCFailedAllocation (Allocation Failure) done
Event: 6.208 Executing non-safepoint VM operation: HandshakeAllThreads (Deoptimize)
Event: 6.208 Executing non-safepoint VM operation: HandshakeAllThreads (Deoptimize) done
Event: 6.434 Executing safepoint VM operation: ParallelGCFailedAllocation (Allocation Failure)
Event: 6.437 Executing safepoint VM operation: ParallelGCFailedAllocation (Allocation Failure) done

Memory protections (0 events):
No events

Nmethod flushes (20 events):
Event: 5.765 Thread 0x00000259fb31ea60 flushing  nmethod 0x000002598034a010
Event: 5.765 Thread 0x00000259fb31ea60 flushing  nmethod 0x0000025980363110
Event: 5.765 Thread 0x00000259fb31ea60 flushing  nmethod 0x0000025980363410
Event: 5.765 Thread 0x00000259fb31ea60 flushing  nmethod 0x000002598037a190
Event: 5.765 Thread 0x00000259fb31ea60 flushing  nmethod 0x000002598037be10
Event: 5.765 Thread 0x00000259fb31ea60 flushing  nmethod 0x00000259803e8b90
Event: 5.765 Thread 0x00000259fb31ea60 flushing  nmethod 0x0000025980439c10
Event: 5.765 Thread 0x00000259fb31ea60 flushing  nmethod 0x000002598043d590
Event: 5.765 Thread 0x00000259fb31ea60 flushing  nmethod 0x0000025980462c90
Event: 5.765 Thread 0x00000259fb31ea60 flushing  nmethod 0x0000025980463690
Event: 5.765 Thread 0x00000259fb31ea60 flushing  nmethod 0x0000025980467f90
Event: 5.765 Thread 0x00000259fb31ea60 flushing  nmethod 0x0000025980469910
Event: 5.765 Thread 0x00000259fb31ea60 flushing  nmethod 0x0000025980492f10
Event: 5.765 Thread 0x00000259fb31ea60 flushing  nmethod 0x00000259804a0310
Event: 5.765 Thread 0x00000259fb31ea60 flushing  nmethod 0x00000259804dfd10
Event: 5.765 Thread 0x00000259fb31ea60 flushing  nmethod 0x00000259804e0110
Event: 5.765 Thread 0x00000259fb31ea60 flushing  nmethod 0x00000259804e8a10
Event: 5.765 Thread 0x00000259fb31ea60 flushing  nmethod 0x00000259804f0f90
Event: 5.765 Thread 0x00000259fb31ea60 flushing  nmethod 0x00000259804f3990
Event: 5.765 Thread 0x00000259fb31ea60 flushing  nmethod 0x00000259804f6010

Events (20 events):
Event: 3.914 Thread 0x00000259d9b5b020 Thread exited: 0x00000259d9b5b020
Event: 4.051 Thread 0x00000259d46ad480 Thread added: 0x00000259db35f7d0
Event: 4.197 Thread 0x00000259fb25b1d0 Thread added: 0x00000259d9b595e0
Event: 4.198 Thread 0x00000259fb25b1d0 Thread added: 0x00000259d9b5a990
Event: 4.198 Thread 0x00000259fb25b1d0 Thread added: 0x00000259d9b5b020
Event: 4.198 Thread 0x00000259fb25b1d0 Thread added: 0x00000259d9b59c70
Event: 4.198 Thread 0x00000259fb25b1d0 Thread added: 0x00000259d9b5bd40
Event: 4.198 Thread 0x00000259fb25b1d0 Thread added: 0x00000259d9b5c3d0
Event: 4.199 Thread 0x00000259fb25b1d0 Thread added: 0x00000259d9b58f50
Event: 4.199 Thread 0x00000259fb25b1d0 Thread added: 0x00000259dad27440
Event: 4.200 Thread 0x00000259fb25b1d0 Thread added: 0x00000259dad27ad0
Event: 4.226 Thread 0x00000259fb25b1d0 Thread added: 0x00000259dad28160
Event: 4.450 Thread 0x00000259fb25b1d0 Thread added: 0x00000259dad287f0
Event: 4.451 Thread 0x00000259fb25b1d0 Thread added: 0x00000259dad28e80
Event: 4.723 Thread 0x00000259dad28e80 Thread added: 0x00000259dad26db0
Event: 4.725 Thread 0x00000259dad28e80 Thread added: 0x00000259dad29510
Event: 4.727 Thread 0x00000259dad28e80 Thread added: 0x00000259dad29ba0
Event: 6.245 Thread 0x00000259db35f7d0 Thread exited: 0x00000259db35f7d0
Event: 6.256 Thread 0x00000259d46ad480 Thread added: 0x00000259d940ba40
Event: 6.523 Thread 0x00000259dad28e80 Thread added: 0x00000259dad26720


Dynamic libraries:
0x00007ff77d3d0000 - 0x00007ff77d3de000 	c:\Users\sopor\.vscode\extensions\redhat.java-1.55.0-win32-x64\jre\21.0.11-win32-x86_64\bin\java.exe
0x00007ffc4c940000 - 0x00007ffc4cba6000 	C:\WINDOWS\SYSTEM32\ntdll.dll
0x00007ffc4aef0000 - 0x00007ffc4afb9000 	C:\WINDOWS\System32\KERNEL32.DLL
0x00007ffc49e90000 - 0x00007ffc4a28a000 	C:\WINDOWS\System32\KERNELBASE.dll
0x00007ffc4a4d0000 - 0x00007ffc4a61c000 	C:\WINDOWS\System32\ucrtbase.dll
0x00007ffc30830000 - 0x00007ffc3084e000 	c:\Users\sopor\.vscode\extensions\redhat.java-1.55.0-win32-x64\jre\21.0.11-win32-x86_64\bin\VCRUNTIME140.dll
0x00007ffc361a0000 - 0x00007ffc361b8000 	c:\Users\sopor\.vscode\extensions\redhat.java-1.55.0-win32-x64\jre\21.0.11-win32-x86_64\bin\jli.dll
0x00007ffc4c1c0000 - 0x00007ffc4c387000 	C:\WINDOWS\System32\USER32.dll
0x00007ffc49d00000 - 0x00007ffc49d27000 	C:\WINDOWS\System32\win32u.dll
0x00007ffc4c190000 - 0x00007ffc4c1bb000 	C:\WINDOWS\System32\GDI32.dll
0x00007ffc49bd0000 - 0x00007ffc49cfb000 	C:\WINDOWS\System32\gdi32full.dll
0x00007ffc49d30000 - 0x00007ffc49dd3000 	C:\WINDOWS\System32\msvcp_win.dll
0x00007ffc300c0000 - 0x00007ffc30352000 	C:\WINDOWS\WinSxS\amd64_microsoft.windows.common-controls_6595b64144ccf1df_6.0.26100.8521_none_3e08b75ce33403b3\COMCTL32.dll
0x00007ffc4a920000 - 0x00007ffc4a9c9000 	C:\WINDOWS\System32\msvcrt.dll
0x00007ffc4b5e0000 - 0x00007ffc4b612000 	C:\WINDOWS\System32\IMM32.DLL
0x00007ffc41cf0000 - 0x00007ffc41cfc000 	c:\Users\sopor\.vscode\extensions\redhat.java-1.55.0-win32-x64\jre\21.0.11-win32-x86_64\bin\vcruntime140_1.dll
0x00007ffbca310000 - 0x00007ffbca39d000 	c:\Users\sopor\.vscode\extensions\redhat.java-1.55.0-win32-x64\jre\21.0.11-win32-x86_64\bin\msvcp140.dll
0x00007ffbaf650000 - 0x00007ffbb03f2000 	c:\Users\sopor\.vscode\extensions\redhat.java-1.55.0-win32-x64\jre\21.0.11-win32-x86_64\bin\server\jvm.dll
0x00007ffc4c580000 - 0x00007ffc4c636000 	C:\WINDOWS\System32\ADVAPI32.dll
0x00007ffc4b940000 - 0x00007ffc4b9ea000 	C:\WINDOWS\System32\sechost.dll
0x00007ffc4c7e0000 - 0x00007ffc4c8f8000 	C:\WINDOWS\System32\RPCRT4.dll
0x00007ffc4c4f0000 - 0x00007ffc4c570000 	C:\WINDOWS\System32\WS2_32.dll
0x00007ffc49a30000 - 0x00007ffc49a8e000 	C:\WINDOWS\SYSTEM32\POWRPROF.dll
0x00007ffc3c980000 - 0x00007ffc3c9b6000 	C:\WINDOWS\SYSTEM32\WINMM.dll
0x00007ffc3fc90000 - 0x00007ffc3fc9b000 	C:\WINDOWS\SYSTEM32\VERSION.dll
0x00007ffc49a10000 - 0x00007ffc49a24000 	C:\WINDOWS\SYSTEM32\UMPDC.dll
0x00007ffc488c0000 - 0x00007ffc488db000 	C:\WINDOWS\SYSTEM32\kernel.appcore.dll
0x00007ffc390f0000 - 0x00007ffc390fa000 	c:\Users\sopor\.vscode\extensions\redhat.java-1.55.0-win32-x64\jre\21.0.11-win32-x86_64\bin\jimage.dll
0x00007ffc47240000 - 0x00007ffc47482000 	C:\WINDOWS\SYSTEM32\DBGHELP.DLL
0x00007ffc4b1c0000 - 0x00007ffc4b543000 	C:\WINDOWS\System32\combase.dll
0x00007ffc4b620000 - 0x00007ffc4b6f9000 	C:\WINDOWS\System32\OLEAUT32.dll
0x00007ffc21ab0000 - 0x00007ffc21aeb000 	C:\WINDOWS\SYSTEM32\dbgcore.DLL
0x00007ffc49de0000 - 0x00007ffc49e88000 	C:\WINDOWS\System32\bcryptPrimitives.dll
0x00007ffc361f0000 - 0x00007ffc361ff000 	c:\Users\sopor\.vscode\extensions\redhat.java-1.55.0-win32-x64\jre\21.0.11-win32-x86_64\bin\instrument.dll
0x00007ffc1bfd0000 - 0x00007ffc1bff0000 	c:\Users\sopor\.vscode\extensions\redhat.java-1.55.0-win32-x64\jre\21.0.11-win32-x86_64\bin\java.dll
0x00007ffc4b9f0000 - 0x00007ffc4c174000 	C:\WINDOWS\System32\SHELL32.dll
0x00007ffc47750000 - 0x00007ffc47fd0000 	C:\WINDOWS\SYSTEM32\windows.storage.dll
0x00007ffc4b0c0000 - 0x00007ffc4b1b6000 	C:\WINDOWS\System32\SHCORE.dll
0x00007ffc4ae80000 - 0x00007ffc4aee7000 	C:\WINDOWS\System32\shlwapi.dll
0x00007ffc49af0000 - 0x00007ffc49b19000 	C:\WINDOWS\SYSTEM32\profapi.dll
0x00007ffc1b1c0000 - 0x00007ffc1b1d8000 	c:\Users\sopor\.vscode\extensions\redhat.java-1.55.0-win32-x64\jre\21.0.11-win32-x86_64\bin\zip.dll
0x00007ffc1c6f0000 - 0x00007ffc1c700000 	C:\Users\sopor\.vscode\extensions\redhat.java-1.55.0-win32-x64\jre\21.0.11-win32-x86_64\bin\net.dll
0x00007ffc402f0000 - 0x00007ffc40419000 	C:\WINDOWS\SYSTEM32\WINHTTP.dll
0x00007ffc48e70000 - 0x00007ffc48edc000 	C:\WINDOWS\system32\mswsock.dll
0x00007ffc11760000 - 0x00007ffc11776000 	C:\Users\sopor\.vscode\extensions\redhat.java-1.55.0-win32-x64\jre\21.0.11-win32-x86_64\bin\nio.dll
0x00007ffc1bc80000 - 0x00007ffc1bc90000 	c:\Users\sopor\.vscode\extensions\redhat.java-1.55.0-win32-x64\jre\21.0.11-win32-x86_64\bin\verify.dll
0x00007ffc19da0000 - 0x00007ffc19de5000 	C:\Users\sopor\AppData\Roaming\Code\User\globalStorage\redhat.java\1.55.0\config_ss_win\org.eclipse.equinox.launcher\org.eclipse.equinox.launcher.win32.win32.x86_64_1.3.100.v20260613-0559\eclipse_11924.dll
0x00007ffc4c640000 - 0x00007ffc4c7d8000 	C:\WINDOWS\System32\ole32.dll
0x00007ffc49270000 - 0x00007ffc4928b000 	C:\WINDOWS\SYSTEM32\CRYPTSP.dll
0x00007ffc48880000 - 0x00007ffc488b9000 	C:\WINDOWS\system32\rsaenh.dll
0x00007ffc48f20000 - 0x00007ffc48f53000 	C:\WINDOWS\SYSTEM32\USERENV.dll
0x00007ffc49ac0000 - 0x00007ffc49aea000 	C:\WINDOWS\SYSTEM32\bcrypt.dll
0x00007ffc490d0000 - 0x00007ffc490dc000 	C:\WINDOWS\SYSTEM32\CRYPTBASE.dll
0x00007ffc483b0000 - 0x00007ffc483e3000 	C:\WINDOWS\SYSTEM32\IPHLPAPI.DLL
0x00007ffc4c180000 - 0x00007ffc4c18a000 	C:\WINDOWS\System32\NSI.dll
0x00007ffc16430000 - 0x00007ffc16479000 	C:\Users\sopor\AppData\Local\Temp\jna-109622903\jna1190158000639453103.dll
0x00007ffc4c420000 - 0x00007ffc4c428000 	C:\WINDOWS\System32\PSAPI.DLL
0x00007ffc405c0000 - 0x00007ffc405dd000 	C:\WINDOWS\SYSTEM32\dhcpcsvc6.DLL
0x00007ffc404a0000 - 0x00007ffc404c5000 	C:\WINDOWS\SYSTEM32\dhcpcsvc.DLL

JVMTI agents:
c:\Users\sopor\.vscode\extensions\redhat.java-1.55.0-win32-x64\lombok\lombok-1.18.39-4050.jar path:c:\Users\sopor\.vscode\extensions\redhat.java-1.55.0-win32-x64\jre\21.0.11-win32-x86_64\bin\instrument.dll, loaded, initialized, instrumentlib options:none

dbghelp: loaded successfully - version: 4.0.5 - missing functions: none
symbol engine: initialized successfully - sym options: 0x614 - pdb path: .;c:\Users\sopor\.vscode\extensions\redhat.java-1.55.0-win32-x64\jre\21.0.11-win32-x86_64\bin;C:\WINDOWS\SYSTEM32;C:\WINDOWS\WinSxS\amd64_microsoft.windows.common-controls_6595b64144ccf1df_6.0.26100.8521_none_3e08b75ce33403b3;c:\Users\sopor\.vscode\extensions\redhat.java-1.55.0-win32-x64\jre\21.0.11-win32-x86_64\bin\server;C:\Users\sopor\AppData\Roaming\Code\User\globalStorage\redhat.java\1.55.0\config_ss_win\org.eclipse.equinox.launcher\org.eclipse.equinox.launcher.win32.win32.x86_64_1.3.100.v20260613-0559;C:\Users\sopor\AppData\Local\Temp\jna-109622903

VM Arguments:
jvm_args: --add-modules=ALL-SYSTEM --add-opens=java.base/java.util=ALL-UNNAMED --add-opens=java.base/java.lang=ALL-UNNAMED --add-opens=java.base/sun.nio.fs=ALL-UNNAMED -Declipse.application=org.eclipse.jdt.ls.core.id1 -Dosgi.bundles.defaultStartLevel=4 -Declipse.product=org.eclipse.jdt.ls.core.product -Djava.import.generatesMetadataFilesAtProjectRoot=false -DDetectVMInstallationsJob.disabled=true -Dfile.encoding=utf8 -XX:+UseParallelGC -XX:GCTimeRatio=4 -XX:AdaptiveSizePolicyWeight=90 -Dsun.zip.disableMemoryMapping=true -Xmx2G -Xms100m -Xlog:disable -javaagent:c:\Users\sopor\.vscode\extensions\redhat.java-1.55.0-win32-x64\lombok\lombok-1.18.39-4050.jar 
java_command: c:\Users\sopor\.vscode\extensions\redhat.java-1.55.0-win32-x64\server\plugins\org.eclipse.equinox.launcher_1.7.200.v20260619-2039.jar -configuration c:\Users\sopor\AppData\Roaming\Code\User\globalStorage\redhat.java\1.55.0\config_ss_win -data c:\Users\sopor\AppData\Roaming\Code\User\workspaceStorage\923fdd976e4ba7f7e4ff30a37008ec57\redhat.java\ss_ws --pipe=\\.\pipe\lsp-3ef874253cf48416c6653294a670493c-sock
java_class_path (initial): c:\Users\sopor\.vscode\extensions\redhat.java-1.55.0-win32-x64\server\plugins\org.eclipse.equinox.launcher_1.7.200.v20260619-2039.jar
Launcher Type: SUN_STANDARD

[Global flags]
    uintx AdaptiveSizePolicyWeight                 = 90                                        {product} {command line}
     intx CICompilerCount                          = 4                                         {product} {ergonomic}
    uintx GCTimeRatio                              = 4                                         {product} {command line}
   size_t InitialHeapSize                          = 104857600                                 {product} {command line}
   size_t MaxHeapSize                              = 2147483648                                {product} {command line}
   size_t MaxNewSize                               = 715653120                                 {product} {ergonomic}
   size_t MinHeapDeltaBytes                        = 524288                                    {product} {ergonomic}
   size_t MinHeapSize                              = 104857600                                 {product} {command line}
   size_t NewSize                                  = 34603008                                  {product} {ergonomic}
    uintx NonNMethodCodeHeapSize                   = 5839372                                {pd product} {ergonomic}
    uintx NonProfiledCodeHeapSize                  = 122909434                              {pd product} {ergonomic}
   size_t OldSize                                  = 70254592                                  {product} {ergonomic}
    uintx ProfiledCodeHeapSize                     = 122909434                              {pd product} {ergonomic}
    uintx ReservedCodeCacheSize                    = 251658240                              {pd product} {ergonomic}
     bool SegmentedCodeCache                       = true                                      {product} {ergonomic}
   size_t SoftMaxHeapSize                          = 2147483648                             {manageable} {ergonomic}
     bool UseCompressedOops                        = true                           {product lp64_product} {ergonomic}
     bool UseLargePagesIndividualAllocation        = false                                  {pd product} {ergonomic}
     bool UseParallelGC                            = true                                      {product} {command line}

Logging:
Log output configuration:
 #0: stdout all=off uptime,level,tags foldmultilines=false
 #1: stderr all=off uptime,level,tags foldmultilines=false

Release file:
JAVA_VERSION="21.0.11" 
MODULES="java.base java.compiler java.datatransfer java.xml java.prefs java.desktop java.instrument java.logging java.management java.security.sasl java.naming java.rmi java.management.rmi java.net.http java.scripting java.security.jgss java.transaction.xa java.sql java.sql.rowset java.xml.crypto java.se java.smartcardio jdk.accessibility jdk.internal.jvmstat jdk.attach jdk.charsets jdk.internal.opt jdk.zipfs jdk.compiler jdk.crypto.ec jdk.crypto.cryptoki jdk.crypto.mscapi jdk.dynalink jdk.internal.ed jdk.editpad jdk.hotspot.agent jdk.httpserver jdk.internal.le jdk.internal.vm.ci jdk.internal.vm.compiler jdk.internal.vm.compiler.management jdk.jartool jdk.javadoc jdk.jcmd jdk.management jdk.management.agent jdk.jconsole jdk.jdeps jdk.jdwp.agent jdk.jdi jdk.jfr jdk.jshell jdk.jsobject jdk.jstatd jdk.localedata jdk.management.jfr jdk.naming.dns jdk.naming.rmi jdk.net jdk.nio.mapmode jdk.random jdk.sctp jdk.security.auth jdk.security.jgss jdk.unsupported jdk.unsupported.desktop jdk.xml.dom" 

Environment Variables:
PATH=C:\Program Files\Common Files\Oracle\Java\javapath;C:\WINDOWS\system32;C:\WINDOWS;C:\WINDOWS\System32\Wbem;C:\WINDOWS\System32\WindowsPowerShell\v1.0\;C:\WINDOWS\System32\OpenSSH\;C:\Program Files\dotnet\;C:\xampp\apache\Maven\apache-maven-3.9.15-bin\apache-maven-3.9.15\bin;C:\Program Files\nodejs\;C:\Program Files\Git\cmd;C:\Program Files\Go\bin;C:\xampp\apache\apache-maven-3.9.16-bin\apache-maven-3.9.16\bin;C:\Users\sopor\AppData\Local\Programs\Python\Python314\Scripts\;C:\Users\sopor\AppData\Local\Programs\Python\Python314\;C:\Users\sopor\AppData\Local\Programs\Python\Launcher\;C:\Users\sopor\AppData\Local\Microsoft\WindowsApps;C:\Users\sopor\AppData\Roaming\npm;C:\Users\sopor\AppData\Local\Python\bin;C:\Users\sopor\AppData\Local\Programs\Microsoft VS Code\bin;C:\Users\sopor\go\bin
USERNAME=sopor
OS=Windows_NT
PROCESSOR_IDENTIFIER=Intel64 Family 6 Model 140 Stepping 1, GenuineIntel
TMP=C:\Users\sopor\AppData\Local\Temp
TEMP=C:\Users\sopor\AppData\Local\Temp




Periodic native trim disabled

---------------  S Y S T E M  ---------------

OS:
 Windows 11 , 64 bit Build 26100 (10.0.26100.8521)
OS uptime: 5 days 21:52 hours
Hyper-V role detected

CPU: total 8 (initial active 8) (4 cores per cpu, 2 threads per core) family 6 model 140 stepping 1 microcode 0xbe, cx8, cmov, fxsr, ht, mmx, 3dnowpref, sse, sse2, sse3, ssse3, sse4.1, sse4.2, popcnt, lzcnt, tsc, tscinvbit, avx, avx2, aes, erms, clmul, bmi1, bmi2, adx, avx512f, avx512dq, avx512cd, avx512bw, avx512vl, sha, fma, vzeroupper, avx512_vpopcntdq, avx512_vpclmulqdq, avx512_vaes, avx512_vnni, clflush, clflushopt, clwb, avx512_vbmi2, avx512_vbmi, hv, rdtscp, rdpid, fsrm, gfni, avx512_bitalg, f16c, cet_ibt, cet_ss, avx512_ifma
Processor Information for processor 0
  Max Mhz: 1382, Current Mhz: 1382, Mhz Limit: 1382
Processor Information for processor 1
  Max Mhz: 1382, Current Mhz: 987, Mhz Limit: 1382
Processor Information for processor 2
  Max Mhz: 1382, Current Mhz: 1382, Mhz Limit: 1382
Processor Information for processor 3
  Max Mhz: 1382, Current Mhz: 987, Mhz Limit: 1382
Processor Information for processor 4
  Max Mhz: 1382, Current Mhz: 1382, Mhz Limit: 1382
Processor Information for processor 5
  Max Mhz: 1382, Current Mhz: 1382, Mhz Limit: 1382
Processor Information for processor 6
  Max Mhz: 1382, Current Mhz: 1382, Mhz Limit: 1382
Processor Information for processor 7
  Max Mhz: 1382, Current Mhz: 987, Mhz Limit: 1382

Memory: 4k page, system-wide physical 16122M (2849M free)
TotalPageFile size 17457M (AvailPageFile size 4M)
current process WorkingSet (physical memory assigned to process): 197M, peak: 197M
current process commit charge ("private bytes"): 305M, peak: 314M

vm_info: OpenJDK 64-Bit Server VM (21.0.11+10-LTS) for windows-amd64 JRE (21.0.11+10-LTS), built on 2026-04-21T00:00:00Z by "admin" with MS VC++ 17.12 (VS2022)

END.
